// Jest Snapshot v1, https://goo.gl/fbAQLP

exports[`Main page renders visually correct 1`] = `
<DocumentFragment>
  <div
    class="title "
  >
    Notable birthdays on this day
  </div>
  <div
    class="container"
  >
    <button
      class="btn btn-full"
    >
      Get Birthdays
    </button>
    <div
      class="date-title"
    >
      Wed Feb 19 2025
    </div>
  </div>
</DocumentFragment>
`;
